[(u'/something.vcf', u'', u'G\xf6del;Fran\xe7ois;;;', u'Fran\xe7ois G\xf6del', u"[(u'ADR', [(u';;Essal\\xe1g 100;Torshavn;50800;F\\xe6r\\xf8erne;', {u'TYPE': [u'WORK']})]), (u'N', [(u'G\\xf6del;Fran\\xe7ois;;;', {})]), (u'VERSION', [(u'3.0', {})]), (u'TEL', [(u'+49-123-678901', {u'TYPE': [u'WORK', u'VOICE']}), (u'(101) 1234 4123', {u'TYPE': [u'HOME', u'VOICE']})]), (u'EMAIL', [(u'francois@goedel.net', {u'TYPE': [u'PREF', u'INTERNET']})]), (u'FN', [(u'Fran\\xe7ois G\\xf6del', {})])]", 0)]